04 123456 000000 00000000 fifteen_digits_
00 000000 000000 00000000                
