03 000001 000002 00000001                
00 000000 000000 00000000                
