03 123456 223456 99999999                
00 000000 000000 00000000                
