03 000002 000001 99999999                
00 000000 000000 00000000                
