02 123456 000000 99999999                
00 000000 000000 00000000                
