04 000001 000000 00000000 abc            
00 000000 000000 00000000                
