01 123456 000000 00000001                
00 000000 000000 00000000                
