01 000001 000000 00100000                
00 000000 000000 00000000                
