03 000001 000002 00100000                
00 000000 000000 00000000                
